Turbo Assembler	 Version 4.1	    11/01/23 02:31:25	    Page 1
lab4.asm



      1	    0000			 .model	small
      2					 LOCALS
      3					 .386
      4	    0000			 .stack	100h
      5					 org 100h
      6
      7	    0000			 .data
      8	    0000  407A4036C3760BF6		 float1		 dq 420.01337
      9	    0008  C07A4036C3760BF6		 float2		 dq -420.01337
     10
     11	    0010  0F				 msg_max_len db	15
     12	    0011  0F				 msg_len	 db 15
     13	    0012  0F*(??)			 msg		 db 15 dup(?)
     14	    0021  0D 0A	24			 crlf		 db 13,10,'$'
     15	    0024  00				 dig_cnt	 db 0
     16	    0025  000A				 base		 dw 10
     17
     18	    0027			 .code
     19
     20					 ; in: buf, buf_len, st(0)
     21					 ; out:	buf
     22	    0000			 ftos proc near
     23	    0000  55				 push bp
     24	    0001  8B EC				 mov bp, sp
     25	    0003  6A 00				 push 0
     26	    0005  50				 push ax
     27	    0006  53				 push bx
     28	    0007  51				 push cx
     29	    0008  52				 push dx
     30	    0009  57				 push di
     31	    000A  56				 push si
     32
     33	    000B  8B 5E	06			 mov bx, [bp + 6]
     34	    000E  33 C9				 xor cx, cx
     35	    0010  33 F6				 xor si, si
     36	    0012  B6 05				 mov dh, 5
     37
     38	    0014  A1 0025r			 mov ax, base
     39	    0017  48				 dec ax
     40	    0018  89 46	00			 mov [bp], ax
     41	    001B  DF 46	00			 fild word ptr [bp]
     42	    001E  D9 C9				 fxch
     43
     44	    0020				 @@abs:
     45	    0020  D9 EE				 fldz
     46	    0022  D9 C9				 fxch st(1)
     47	    0024  D8 D1				 fcom st(1)
     48	    0026  9B DF	E0			 fstsw ax
     49	    0029  9E				 sahf
     50	    002A  77 08				 ja @@abs_end
     51
     52	    002C  C6 07	2D			 mov byte ptr [bx], '-'
     53	    002F  43				 inc bx
     54	    0030  D9 E0				 fchs
     55	    0032  B2 01				 mov dl, 1
     56
     57	    0034				 @@abs_end:
Turbo Assembler	 Version 4.1	    11/01/23 02:31:25	    Page 2
lab4.asm



     58	    0034				 @@norm:
     59
     60	    0034  DE 16	0025r			 ficom base
     61	    0038  9B DF	E0			 fstsw ax
     62	    003B  9E				 sahf
     63	    003C  72 07				 jb @@norm_end
     64
     65	    003E  DE 36	0025r			 fidiv base
     66	    0042  41				 inc cx
     67
     68	    0043  EB EF				 jmp @@norm
     69	    0045				 @@norm_end:
     70	    0045  41				 inc cx
     71	    0046				 @@digit:
     72
     73	    0046  DF 56	00			 fist word ptr [bp]
     74	    0049  DE 66	00			 fisub word ptr	[bp]
     75	    004C  DE 0E	0025r			 fimul base
     76	    0050  8B 46	00			 mov ax, [bp]
     77
     78	    0053  83 F9	00			 cmp cx, 0
     79	    0056  7C 0A				 jl @@point_end
     80	    0058  74 03				 je @@point_equ
     81	    005A  49				 dec cx
     82	    005B  EB 05				 jmp @@point_end
     83
     84	    005D				 @@point_equ:
     85	    005D  C6 07	2E			 mov byte ptr [bx], '.'
     86	    0060  49				 dec cx
     87	    0061  43				 inc bx
     88	    0062				 @@point_end:
     89
     90	    0062  83 F9	FF			 cmp cx, 0ffffh
     91	    0065  75 31				 jne @@end_cmp
     92
     93	    0067  3C 00				 cmp al, 0
     94	    0069  74 17				 je @@al0
     95	    006B  3C 09				 cmp al, 9
     96	    006D  74 02				 je @@al9
     97	    006F  EB 22				 jmp @@al_else
     98	    0071				 @@al9:
     99	    0071  80 FE	09			 cmp dh, 9
    100	    0074  75 03				 jne @@nine_ch
    101
    102	    0076  46				 inc si
    103	    0077  EB 1F				 jmp @@end_cmp
    104	    0079				 @@nine_ch:
    105
    106	    0079  8B FB				 mov di, bx
    107	    007B  BE 0001			 mov si, 1
    108	    007E  B6 09				 mov dh, 9
    109	    0080  EB 16				 jmp @@end_cmp
    110	    0082				 @@al0:
    111
    112	    0082  80 FE	00			 cmp dh, 0
    113	    0085  75 03				 jne @@zero_ch
    114
Turbo Assembler	 Version 4.1	    11/01/23 02:31:25	    Page 3
lab4.asm



    115	    0087  46				 inc si
    116	    0088  EB 0E				 jmp @@end_cmp
    117	    008A				 @@zero_ch:
    118
    119	    008A  8B FB				 mov di, bx
    120	    008C  BE 0001			 mov si, 1
    121	    008F  B6 00				 mov dh, 0
    122	    0091  EB 05				 jmp @@end_cmp
    123
    124	    0093				 @@al_else:
    125	    0093  BE 0000			 mov si, 0
    126	    0096  B6 05				 mov dh, 5 ; not 0 and not 9
    127
    128	    0098				 @@end_cmp:
    129
    130	    0098  83 FE	03			 cmp si, 3
    131	    009B  77 07				 ja @@end_proc
    132
    133
    134						 ; TODO: exit on si >= 3 (@@end_proc)
    135
    136	    009D  04 30				 add al, '0'
    137	    009F  88 07				 mov [bx], al
    138	    00A1  43				 inc bx
    139
    140	    00A2  EB A2				 jmp @@digit
    141
    142	    00A4				 @@end_proc:
    143
    144	    00A4  C6 05	24			 mov byte ptr [di], '$'
    145	    00A7  80 FE	00			 cmp dh, 0
    146	    00AA  74 06				 je @@end_inc
    147	    00AC  80 FA	01			 cmp dl, 1
    148	    00AF  4F				 dec di
    149	    00B0  FE 05				 inc byte ptr [di]
    150	    00B2				 @@end_inc:
    151
    152	    00B2  5E				 pop si
    153	    00B3  5F				 pop di
    154	    00B4  5A				 pop dx
    155	    00B5  59				 pop cx
    156	    00B6  5B				 pop bx
    157	    00B7  58				 pop ax
    158	    00B8  83 C4	02			 add sp, 2
    159	    00BB  5D				 pop bp
    160	    00BC  C3				 ret
    161	    00BD			 ftos endp
    162
    163	    00BD			 setRoundDown proc near
    164	    00BD  55				 push bp
    165	    00BE  8B EC				 mov bp, sp
    166	    00C0  6A 00				 push 0
    167
    168
    169
    170	    00C2  9B D9	7E 00			 fstcw [bp]
    171	    00C6  81 4E	00 0C00			 or word ptr [bp], 0C00h
Turbo Assembler	 Version 4.1	    11/01/23 02:31:25	    Page 4
lab4.asm



    172						 ; mov [bp], ax
    173	    00CB  D9 6E	00			 fldcw word ptr	[bp]
    174
    175
    176	    00CE  83 C4	02			 add sp, 2
    177	    00D1  5D				 pop bp
    178	    00D2  C3				 ret
    179	    00D3			 setRoundDown endp
    180
    181	    00D3			 puts proc near
    182	    00D3  55				 push bp
    183	    00D4  8B EC				 mov bp, sp
    184	    00D6  50				 push ax
    185	    00D7  52				 push dx
    186
    187	    00D8  B8 0900			 mov ax, 0900h
    188	    00DB  8B 56	04			 mov dx, [bp + 4]
    189	    00DE  CD 21				 int 21h
    190
    191	    00E0  5A				 pop dx
    192	    00E1  58				 pop ax
    193	    00E2  5D				 pop bp
    194	    00E3  C3				 ret
    195	    00E4			 puts endp
    196
    197	    00E4			 start:
    198	    00E4  B8 0000s			 mov ax, @data
    199	    00E7  8E D8				 mov ds, ax
    200	    00E9  9B DB	E3			 finit
    201
    202	    00EC  E8 FFCE			 call setRoundDown
    203
    204	    00EF  68 0012r			 push offset msg
    205	    00F2  0F B6	16 0011r		 movzx dx, msg_len
    206	    00F7  52				 push dx
    207	    00F8  DD 06	0000r			 fld float1
    208	    00FC  E8 FF01			 call ftos
    209	    00FF  83 C4	02			 add sp, 2
    210	    0102  DD C1				 ffree
    211
    212	    0104  68 0012r			 push offset msg
    213	    0107  E8 FFC9			 call puts
    214	    010A  83 C4	02			 add sp, 2
    215	    010D  68 0021r			 push offset crlf
    216	    0110  E8 FFC0			 call puts
    217	    0113  83 C4	02			 add sp, 2
    218
    219	    0116  68 0012r			 push offset msg
    220	    0119  0F B6	16 0011r		 movzx dx, msg_len
    221	    011E  52				 push dx
    222	    011F  DD 06	0008r			 fld float2
    223	    0123  E8 FEDA			 call ftos
    224	    0126  83 C4	02			 add sp, 2
    225	    0129  DD C1				 ffree
    226
    227	    012B  68 0012r			 push offset msg
    228	    012E  E8 FFA2			 call puts
Turbo Assembler	 Version 4.1	    11/01/23 02:31:25	    Page 5
lab4.asm



    229	    0131  83 C4	02			 add sp, 2
    230	    0134  68 0021r			 push offset crlf
    231	    0137  E8 FF99			 call puts
    232	    013A  83 C4	02			 add sp, 2
    233
    234	    013D  B8 4C00			 mov ax, 4c00h
    235	    0140  CD 21				 int 21h
    236					 end start
Turbo Assembler	 Version 4.1	    11/01/23 02:31:25	    Page 6
Symbol Table




Symbol Name		Type   Value			   Cref	(defined at #)

??DATE			Text   "11/01/23"
??FILENAME		Text   "lab4	"
??TIME			Text   "02:31:25"
??VERSION		Number 040A
@32BIT			Text   0			   #1
@@ABS			Near   _TEXT:0020		   #44
@@ABS_END		Near   _TEXT:0034		   50  #57
@@AL0			Near   _TEXT:0082		   94  #110
@@AL9			Near   _TEXT:0071		   96  #98
@@AL_ELSE		Near   _TEXT:0093		   97  #124
@@DIGIT			Near   _TEXT:0046		   #71	140
@@END_CMP		Near   _TEXT:0098		   91  103  109	 116  122  #128
@@END_INC		Near   _TEXT:00B2		   146	#150
@@END_PROC		Near   _TEXT:00A4		   131	#142
@@NINE_CH		Near   _TEXT:0079		   100	#104
@@NORM			Near   _TEXT:0034		   #58	68
@@NORM_END		Near   _TEXT:0045		   63  #69
@@POINT_END		Near   _TEXT:0062		   79  82  #88
@@POINT_EQU		Near   _TEXT:005D		   80  #84
@@ZERO_CH		Near   _TEXT:008A		   113	#117
@CODE			Text   _TEXT			   #1  #1  #18
@CODESIZE		Text   0			   #1
@CPU			Text   0F0FH			   #3
@CURSEG			Text   _TEXT			   #7  #18
@DATA			Text   DGROUP			   #1  198
@DATASIZE		Text   0			   #1
@FILENAME		Text   LAB4
@INTERFACE		Text   000H			   #1
@MODEL			Text   2			   #1
@STACK			Text   DGROUP			   #1
@WORDSIZE		Text   2			   #3  #7  #18
BASE			Word   DGROUP:0025		   #16	38  60	65  75
CRLF			Byte   DGROUP:0021		   #14	215  230
DIG_CNT			Byte   DGROUP:0024		   #15
FLOAT1			Qword  DGROUP:0000		   #8  207
FLOAT2			Qword  DGROUP:0008		   #9  222
FTOS			Near   _TEXT:0000		   #22	208  223
MSG			Byte   DGROUP:0012		   #13	204  212  219  227
MSG_LEN			Byte   DGROUP:0011		   #12	205  220
MSG_MAX_LEN		Byte   DGROUP:0010		   #11
PUTS			Near   _TEXT:00D3		   #181	 213  216  228	231
SETROUNDDOWN		Near   _TEXT:00BD		   #163	 202
START			Near   _TEXT:00E4		   #197	 236

Groups & Segments	Bit Size Align	Combine	Class	   Cref	(defined at #)

DGROUP			Group				   #1  1  198
  STACK			16  0100 Para	Stack	STACK	   #4
  _DATA			16  0027 Word	Public	DATA	   #1  #7
_TEXT			16  0142 Word	Public	CODE	   #1  1  #18  18
